Info | CBot instance [probe, EURUSD, h1] started.
01/01/2020 22:01:00.300 | Info | TICK_PROBE_START symbol=EURUSD account=ACCOUNT_REDACTED target_utc=2020-01-01T00:00:00.0000000Z server_first_reported_utc=2019-07-08T00:00:00.0000000Z load_older_history=False
31/01/2020 21:56:57.047 | Info | TICK_PROBE_DAY symbol=EURUSD account=ACCOUNT_REDACTED date_utc=2020-01-01 ticks=1544 first_utc=2020-01-01T22:01:18.8820000Z last_utc=2020-01-01T23:59:54.3570000Z invalid_quotes=0
31/01/2020 21:56:57.047 | Info | TICK_PROBE_DAY symbol=EURUSD account=ACCOUNT_REDACTED date_utc=2020-01-02 ticks=30656 first_utc=2020-01-02T00:00:00.4710000Z last_utc=2020-01-02T23:59:57.7260000Z invalid_quotes=0
31/01/2020 21:56:57.047 | Info | TICK_PROBE_DAY symbol=EURUSD account=ACCOUNT_REDACTED date_utc=2020-01-03 ticks=36323 first_utc=2020-01-03T00:00:01.6430000Z last_utc=2020-01-03T21:56:58.3530000Z invalid_quotes=0
31/01/2020 21:56:57.047 | Info | TICK_PROBE_DAY symbol=EURUSD account=ACCOUNT_REDACTED date_utc=2020-01-05 ticks=2710 first_utc=2020-01-05T22:01:00.0730000Z last_utc=2020-01-05T23:59:59.3480000Z invalid_quotes=0
31/01/2020 21:56:57.047 | Info | TICK_PROBE_DAY symbol=EURUSD account=ACCOUNT_REDACTED date_utc=2020-01-06 ticks=30416 first_utc=2020-01-06T00:00:00.2680000Z last_utc=2020-01-06T23:59:56.6020000Z invalid_quotes=0
31/01/2020 21:56:57.047 | Info | TICK_PROBE_DAY symbol=EURUSD account=ACCOUNT_REDACTED date_utc=2020-01-07 ticks=36233 first_utc=2020-01-07T00:00:04.2790000Z last_utc=2020-01-07T23:59:53.6290000Z invalid_quotes=0
31/01/2020 21:56:57.047 | Info | TICK_PROBE_DAY symbol=EURUSD account=ACCOUNT_REDACTED date_utc=2020-01-08 ticks=48085 first_utc=2020-01-08T00:00:00.0920000Z last_utc=2020-01-08T23:59:17.8200000Z invalid_quotes=0
31/01/2020 21:56:57.047 | Info | TICK_PROBE_DAY symbol=EURUSD account=ACCOUNT_REDACTED date_utc=2020-01-09 ticks=30339 first_utc=2020-01-09T00:00:00.7120000Z last_utc=2020-01-09T23:59:52.1330000Z invalid_quotes=0
31/01/2020 21:56:57.047 | Info | TICK_PROBE_DAY symbol=EURUSD account=ACCOUNT_REDACTED date_utc=2020-01-10 ticks=28312 first_utc=2020-01-10T00:00:00.2570000Z last_utc=2020-01-10T21:56:50.2360000Z invalid_quotes=0
31/01/2020 21:56:57.047 | Info | TICK_PROBE_DAY symbol=EURUSD account=ACCOUNT_REDACTED date_utc=2020-01-12 ticks=1324 first_utc=2020-01-12T22:01:00.1060000Z last_utc=2020-01-12T23:59:54.8660000Z invalid_quotes=0
31/01/2020 21:56:57.047 | Info | TICK_PROBE_DAY symbol=EURUSD account=ACCOUNT_REDACTED date_utc=2020-01-13 ticks=24217 first_utc=2020-01-13T00:00:00.9300000Z last_utc=2020-01-13T23:59:30.5890000Z invalid_quotes=0
31/01/2020 21:56:57.047 | Info | TICK_PROBE_DAY symbol=EURUSD account=ACCOUNT_REDACTED date_utc=2020-01-14 ticks=29159 first_utc=2020-01-14T00:00:16.2250000Z last_utc=2020-01-14T23:59:56.9550000Z invalid_quotes=0
31/01/2020 21:56:57.047 | Info | TICK_PROBE_DAY symbol=EURUSD account=ACCOUNT_REDACTED date_utc=2020-01-15 ticks=27443 first_utc=2020-01-15T00:00:00.2880000Z last_utc=2020-01-15T23:59:44.2170000Z invalid_quotes=0
31/01/2020 21:56:57.047 | Info | TICK_PROBE_DAY symbol=EURUSD account=ACCOUNT_REDACTED date_utc=2020-01-16 ticks=27084 first_utc=2020-01-16T00:00:25.7050000Z last_utc=2020-01-16T23:59:58.5090000Z invalid_quotes=0
31/01/2020 21:56:57.047 | Info | TICK_PROBE_DAY symbol=EURUSD account=ACCOUNT_REDACTED date_utc=2020-01-17 ticks=24973 first_utc=2020-01-17T00:00:00.4550000Z last_utc=2020-01-17T21:56:59.5900000Z invalid_quotes=0
31/01/2020 21:56:57.047 | Info | TICK_PROBE_DAY symbol=EURUSD account=ACCOUNT_REDACTED date_utc=2020-01-19 ticks=2009 first_utc=2020-01-19T22:01:00.0890000Z last_utc=2020-01-19T23:59:49.9270000Z invalid_quotes=0
31/01/2020 21:56:57.047 | Info | TICK_PROBE_DAY symbol=EURUSD account=ACCOUNT_REDACTED date_utc=2020-01-20 ticks=20043 first_utc=2020-01-20T00:00:00.9620000Z last_utc=2020-01-20T23:59:58.9670000Z invalid_quotes=0
31/01/2020 21:56:57.047 | Info | TICK_PROBE_DAY symbol=EURUSD account=ACCOUNT_REDACTED date_utc=2020-01-21 ticks=25535 first_utc=2020-01-21T00:00:00.6880000Z last_utc=2020-01-21T23:59:59.2210000Z invalid_quotes=0
31/01/2020 21:56:57.047 | Info | TICK_PROBE_DAY symbol=EURUSD account=ACCOUNT_REDACTED date_utc=2020-01-22 ticks=24023 first_utc=2020-01-22T00:00:00.7720000Z last_utc=2020-01-22T23:59:56.2670000Z invalid_quotes=0
31/01/2020 21:56:57.047 | Info | TICK_PROBE_DAY symbol=EURUSD account=ACCOUNT_REDACTED date_utc=2020-01-23 ticks=29522 first_utc=2020-01-23T00:00:02.1110000Z last_utc=2020-01-23T23:59:58.7870000Z invalid_quotes=0
31/01/2020 21:56:57.047 | Info | TICK_PROBE_DAY symbol=EURUSD account=ACCOUNT_REDACTED date_utc=2020-01-24 ticks=24698 first_utc=2020-01-24T00:00:00.5460000Z last_utc=2020-01-24T21:56:59.8110000Z invalid_quotes=0
31/01/2020 21:56:57.047 | Info | TICK_PROBE_DAY symbol=EURUSD account=ACCOUNT_REDACTED date_utc=2020-01-26 ticks=4314 first_utc=2020-01-26T22:01:00.1210000Z last_utc=2020-01-26T23:59:59.5950000Z invalid_quotes=0
31/01/2020 21:56:57.047 | Info | TICK_PROBE_DAY symbol=EURUSD account=ACCOUNT_REDACTED date_utc=2020-01-27 ticks=25220 first_utc=2020-01-27T00:00:00.2530000Z last_utc=2020-01-27T23:59:56.6030000Z invalid_quotes=0
31/01/2020 21:56:57.047 | Info | TICK_PROBE_DAY symbol=EURUSD account=ACCOUNT_REDACTED date_utc=2020-01-28 ticks=22537 first_utc=2020-01-28T00:00:00.9010000Z last_utc=2020-01-28T23:59:57.0420000Z invalid_quotes=0
31/01/2020 21:56:57.047 | Info | TICK_PROBE_DAY symbol=EURUSD account=ACCOUNT_REDACTED date_utc=2020-01-29 ticks=23347 first_utc=2020-01-29T00:00:02.5380000Z last_utc=2020-01-29T23:59:56.6230000Z invalid_quotes=0
31/01/2020 21:56:57.047 | Info | TICK_PROBE_DAY symbol=EURUSD account=ACCOUNT_REDACTED date_utc=2020-01-30 ticks=27659 first_utc=2020-01-30T00:00:00.6460000Z last_utc=2020-01-30T23:59:52.3240000Z invalid_quotes=0
31/01/2020 21:56:57.047 | Info | TICK_PROBE_DAY symbol=EURUSD account=ACCOUNT_REDACTED date_utc=2020-01-31 ticks=28403 first_utc=2020-01-31T00:00:00.2670000Z last_utc=2020-01-31T21:56:57.0470000Z invalid_quotes=0
31/01/2020 21:56:57.047 | Info | TICK_PROBE_RESULT symbol=EURUSD account=ACCOUNT_REDACTED target_utc=2020-01-01T00:00:00.0000000Z server_first_reported_utc=2019-07-08T00:00:00.0000000Z history_status=NOT_REQUESTED history_batches=0 history_ticks_added=0 earliest_retrieved_utc=null observed_ticks=636128 observed_first_utc=2020-01-01T22:01:18.8820000Z observed_last_utc=2020-01-31T21:56:57.0470000Z invalid_quotes=0 duplicate_timestamps=0 reversed_timestamps=0 largest_observed_gap_seconds=173049.87
Info | CBot instance [probe, EURUSD, h1] stopped.
